// Jest Snapshot v1, https://goo.gl/fbAQLP

exports[`Button should render Button 1`] = `
<div
  className="c-button -size-32 -view-flat -color-primary -shape-rounded -disabled"
  tabIndex={1}
>
  Something
</div>
`;
