// Jest Snapshot v1, https://goo.gl/fbAQLP

exports[`Form should render Form 1`] = `
<form
  className="c-form"
  onChange={[Function]}
>
  <input
    style={
      Object {
        "display": "none",
      }
    }
    type="submit"
  />
  Something
</form>
`;
