// Jest Snapshot v1, https://goo.gl/fbAQLP

exports[`Icon should render Icon 1`] = `
<div
  className="c-icon -size-32 -width-32 -height-32 -color-primary -rotate-180"
/>
`;
