// Jest Snapshot v1, https://goo.gl/fbAQLP

exports[`Pagination should render Pagination 1`] = `
<div
  className="c-pagination -size-32 -color-primary"
>
  <div
    className="c-pagination--prev"
    onClick={[Function]}
  >
    <div
      className="c-icon -height-32"
    />
  </div>
  <div
    className="c-pagination--item -characters-single"
    onClick={[Function]}
  >
    1
  </div>
  <div
    className="c-pagination--item -characters-single"
    onClick={[Function]}
  >
    2
  </div>
  <div
    className="c-pagination--item -current -characters-single"
    onClick={[Function]}
  >
    3
  </div>
  <div
    className="c-pagination--item -characters-single"
    onClick={[Function]}
  >
    4
  </div>
  <div
    className="c-pagination--item -characters-single"
    onClick={[Function]}
  >
    5
  </div>
  <div
    className="c-pagination--ellipsis"
  >
    â€¦
  </div>
  <div
    className="c-pagination--item -characters-double"
    onClick={[Function]}
  >
    10
  </div>
  <div
    className="c-pagination--next"
    onClick={[Function]}
  >
    <div
      className="c-icon -height-32 -rotate-180"
    />
  </div>
</div>
`;
