// Jest Snapshot v1, https://goo.gl/fbAQLP

exports[`index should render Pill 1`] = `
<div
  className="c-pill -size-32"
>
  Something
</div>
`;
