// Jest Snapshot v1, https://goo.gl/fbAQLP

exports[`Toggle should render Toggle 1`] = `
<div
  aria-checked="false"
  className="c-toggle -size-32 -color-primary -disabled"
  onClick={[Function]}
  role="checkbox"
  tabIndex="0"
>
  <div
    className="c-toggle--container"
  >
    <div
      className="c-toggle--line"
    />
    <div
      className="c-toggle--handle"
    />
  </div>
  <div
    className="c-toggle--label"
  >
    Something
  </div>
</div>
`;
