// Jest Snapshot v1, https://goo.gl/fbAQLP

exports[`Tooltip should render Tooltip 1`] = `
<div
  className="c-tooltip-wrapper"
  data-portal-key={null}
  onMouseOut={[Function]}
  onMouseOver={[Function]}
>
  Something
</div>
`;
