// Jest Snapshot v1, https://goo.gl/fbAQLP

exports[`Upload should render Upload with default text 1`] = `
<div
  className="c-upload"
  onClick={[Function]}
>
  <input
    onChange={[Function]}
    style={
      Object {
        "display": "none",
      }
    }
    type="file"
  />
  <div />
</div>
`;

exports[`Upload should render Upload with success text when upload succeed 1`] = `
<div
  className="c-upload"
  onClick={[Function]}
>
  <input
    onChange={[Function]}
    style={
      Object {
        "display": "none",
      }
    }
    type="file"
  />
  <div />
</div>
`;
